Microchip MPLAB XC8 Compiler V2.36

Linker command line:

-W-3 --edf=C:\Program Files\Microchip\xc8\v2.36\pic\dat\en_msgs.txt \
  -pivt0x8=08h -cn \
  -h+dist/default/production\atwinc1500_pic18.X.production.sym \
  --cmf=dist/default/production\atwinc1500_pic18.X.production.cmf -z \
  -Q18F57Q43 -oC:\Users\M67732\AppData\Local\Temp\xcAshjs.4 \
  --defsym=__MPLAB_BUILD=1 \
  -Mdist/default/production/atwinc1500_pic18.X.production.map \
  --md=C:\Users\M67732\AppData\Local\Temp\xcAshjs.dat -E1 -ver=XC8 Compiler \
  --acfsm=1493 -ACODE=00h-01FFFFh -ACONST=00h-01FFFFh \
  -ASMALLCONST=02600h-026FFhx474 \
  -AMEDIUMCONST=02600h-0FFFFh,012600h-01FFFFh -ACOMRAM=0501h-055Fh \
  -AABS1=0500h-025FFh -ABIGRAM=0501h-025FFh \
  -ARAM=0560h-05FFh,0600h-06FFhx32 -ABANK5=0560h-05FFh -ABANK6=0600h-06FFh \
  -ABANK7=0700h-07FFh -ABANK8=0800h-08FFh -ABANK9=0900h-09FFh \
  -ABANK10=0A00h-0AFFh -ABANK11=0B00h-0BFFh -ABANK12=0C00h-0CFFh \
  -ABANK13=0D00h-0DFFh -ABANK14=0E00h-0EFFh -ABANK15=0F00h-0FFFh \
  -ABANK16=01000h-010FFh -ABANK17=01100h-011FFh -ABANK18=01200h-012FFh \
  -ABANK19=01300h-013FFh -ABANK20=01400h-014FFh -ABANK21=01500h-015FFh \
  -ABANK22=01600h-016FFh -ABANK23=01700h-017FFh -ABANK24=01800h-018FFh \
  -ABANK25=01900h-019FFh -ABANK26=01A00h-01AFFh -ABANK27=01B00h-01BFFh \
  -ABANK28=01C00h-01CFFh -ABANK29=01D00h-01DFFh -ABANK30=01E00h-01EFFh \
  -ABANK31=01F00h-01FFFh -ABANK32=02000h-020FFh -ABANK33=02100h-021FFh \
  -ABANK34=02200h-022FFh -ABANK35=02300h-023FFh -ABANK36=02400h-024FFh \
  -ABANK37=02500h-025FFh -ASFR=00h-0FFhx4,0400h-045Fh,0460h-04FFh \
  -ABIGSFR=00h-04FFh -ACONFIG=0300000h-0300011h -AIDLOC=0200000h-020001Fh \
  -AEEDATA=0380000h-03803FFh -peeprom_data=EEDATA -preset_vec=00h \
  -ppowerup=CODE,init -pramtop=02600h -psmallconst=SMALLCONST \
  -pmediumconst=MEDIUMCONST -pconst=CONST -AFARRAM=00h-00h \
  -prdata=COMRAM,nvrram=COMRAM,nvbit=COMRAM,rbss=COMRAM,rbit=COMRAM \
  -pfarbss=FARRAM,fardata=FARRAM,nvFARRAM=FARRAM \
  -pintsave_regs=BIGRAM,bigbss=BIGRAM,bigdata=BIGRAM -pbss=RAM \
  -pidata=CODE,irdata=CODE,ibigdata=CODE,ifardata=CODE -prparam=COMRAM \
  C:\Users\M67732\AppData\Local\Temp\xcAshjs.o \
  dist/default/production\atwinc1500_pic18.X.production.o 

Object code version is 3.11

Machine type is 18F57Q43



                Name                               Link     Load   Length Selector   Space Scale
C:\Users\M67732\AppData\Local\Temp\xcAshjs.o
                idloc                            200000   200000       20        0       5
                config                           300000   300000        A        0       4
                init                                 1A       1A        4        4       0
                reset_vec                             0        0        4        0       0
dist/default/production\atwinc1500_pic18.X.production.o
                idloc                            200000   200000       20        0       5
                config                           300000   300000        A        0       4
                mediumconst                        FEEE     FEEE      112     7F77       0
                ivt0x8                                8        8       12        4       0
                text116                           1541E    1541E        6     A9D3       0
                text115                           15448    15448        2     A9D3       0
                text114                           150BC    150BC       36     8000       0
                text113                           1537A    1537A       16     A8BF       0
                text112                           1504A    1504A       3A     8000       0
                text111                           15440    15440        4     A9D3       0
                text110                           152B4    152B4       1C     A8BF       0
                text109                           153DE    153DE        E     A9D3       0
                text108                           1386C    1386C       DE     8000       0
                text107                           1526E    1526E       24     A8BF       0
                text106                           15304    15304       1A     A8BF       0
                text105                           153D0    153D0        E     A9D3       0
                text104                           153C2    153C2        E     A9D3       0
                text103                           153B4    153B4        E     A9D3       0
                text102                           149FE    149FE       76     8000       0
                text101                           152EA    152EA       1A     A8BF       0
                text100                           15418    15418        6     A9D3       0
                text99                            15292    15292       22     A8BF       0
                text98                            14F92    14F92       40     8000       0
                text97                            1378A    1378A       E2     8000       0
                text96                            153FE    153FE        8     A9D3       0
                text95                            1463E    1463E       9C     8000       0
                text94                            13D50    13D50       C6     8000       0
                text93                            14D3C    14D3C       56     8000       0
                text92                            145A2    145A2       9C     8000       0
                text91                            14BBE    14BBE       6A     8000       0
                text90                            146DA    146DA       9A     8000       0
                text89                            133CE    133CE       F6     8000       0
                text88                            1394A    1394A       D4     8000       0
                text87                            12438    12438      1C4     8000       0
                text86                            1543C    1543C        4     A9D3       0
                text85                            14A74    14A74       72     8000       0
                text84                            1279E    1279E      190     8000       0
                text83                            1161E    1161E      2A6     8000       0
                text82                            13EDA    13EDA       C2     8000       0
                text81                            13BBE    13BBE       CC     8000       0
                text80                            153F6    153F6        8     A9D3       0
                text79                            12F28    12F28      14A     8000       0
                text78                            14E38    14E38       52     8000       0
                text77                            132C2    132C2      10C     8000       0
                text76                            14C86    14C86       5E     8000       0
                text75                            141B8    141B8       AC     8000       0
                text74                            13F9C    13F9C       BA     8000       0
                text73                            14DE6    14DE6       52     8000       0
                text72                            15122    15122       2E     8000       0
                text71                            15084    15084       38     8000       0
                text70                            15364    15364       16     A8BF       0
                text69                            14264    14264       AA     8000       0
                text68                            136A2    136A2       E8     8000       0
                text67                            14F10    14F10       42     8000       0
                text66                            10D06    10D06      34E     8000       0
                text65                            15010    15010       3A     8000       0
                text64                            14C28    14C28       5E     8000       0
                text63                            13E16    13E16       C4     8000       0
                text62                            14FD2    14FD2       3E     8000       0
                text61                            143B6    143B6       A8     8000       0
                text60                            12028    12028      20C     8000       0
                text59                            12C40    12C40      184     8000       0
                text58                            14D92    14D92       54     8000       0
                text57                            1133A    1133A      2E4     8000       0
                text56                            151AA    151AA       2C     A8BF       0
                text55                            15412    15412        6     A9D3       0
                text54                            15248    15248       26     A8BF       0
                text53                            1480A    1480A       8E     8000       0
                text52                            14056    14056       B6     8000       0
                text51                            12AB8    12AB8      188     8000       0
                text50                            12DC4    12DC4      164     8000       0
                text49                            14F52    14F52       40     8000       0
                text48                            15336    15336       18     A8BF       0
                text47                            153EC    153EC        A     A9D3       0
                text46                            14774    14774       96     8000       0
                text45                            14E8A    14E8A       44     8000       0
                text44                            13C8A    13C8A       C6     8000       0
                text43                            11054    11054      2E6     8000       0
                text42                            125FC    125FC      1A2     8000       0
                text41                            131B0    131B0      112     8000       0
                text40                            134C4    134C4       F0     8000       0
                text39                            13AEE    13AEE       D0     8000       0
                text38                            12234    12234      204     8000       0
                text37                            1056C    1056C      3E2     8000       0
                text36                            14B54    14B54       6A     8000       0
                text35                            15222    15222       26     A8BF       0
                text34                            118C4    118C4      29A     8000       0
                text33                            151FC    151FC       26     A8BF       0
                text32                            11DE2    11DE2      246     8000       0
                text31                            10000    10000      56C     8000       0
                text30                            15446    15446        2     A9D3       0
                text29                            1531E    1531E       18     A8BF       0
                text28                            150F2    150F2       30     8000       0
                text27                            11B5E    11B5E      284     8000       0
                text26                            1540C    1540C        6     A9D3       0
                text25                            15438    15438        4     A9D3       0
                text24                            15434    15434        4     A9D3       0
                text23                            15430    15430        4     A9D3       0
                text22                            1542C    1542C        4     A9D3       0
                text21                            15428    15428        4     A9D3       0
                text20                            1534E    1534E       16     A8BF       0
                text19                            14988    14988       76     8000       0
                text18                            13A1E    13A1E       D0     8000       0
                text17                            151D6    151D6       26     A8BF       0
                text16                            1410C    1410C       AC     8000       0
                text15                            135B4    135B4       EE     8000       0
                text14                            13072    13072      13E     8000       0
                text13                            14CE4    14CE4       58     8000       0
                text12                            15424    15424        4     A9D3       0
                text11                            15406    15406        6     A9D3       0
                text10                            14898    14898       7A     8000       0
                text9                             14AE6    14AE6       6E     8000       0
                text8                             1292E    1292E      18A     8000       0
                text7                             14912    14912       76     8000       0
                text6                             1094E    1094E      3B8     8000       0
                text5                             14ECE    14ECE       42     8000       0
                text4                             153A6    153A6        E     A9D3       0
                text3                             1445E    1445E       A4     8000       0
                text2                             1517E    1517E       2C     A8BF       0
                text1                             152D0    152D0       1A     A8BF       0
                text0                             14502    14502       A0     8000       0
                cstackCOMRAM                        501      501       5B      501       1
                cstackBANK5                         560      560       9E      560       1
                cstackBANK6                         600      600       D3      600       1
                cstackBANK7                         700      700       C2      700       1
                cstackBANK9                         92D      92D        F      900       1
                dataBANK9                           900      900       2D      900       1
                dataBANK8                           8D4      8D4       15      800       1
                bssBANK8                            800      800       D4      800       1
                bssBANK7                            7C2      7C2       39      700       1
                bssBANK6                            6D3      6D3       22      600       1
                dataBANK5                           5FE      5FE        1      560       1
                dataCOMRAM                          55C      55C        2      501       1
                cinit                             1430E    1430E       A8     8000       0
                nvBANK8                             8E9      8E9        9      800       1
                nvBANK7                             7FB      7FB        3      700       1
                idataBANK9                        15150    15150       2D     8000       0
                idataBANK8                        15390    15390       15     A8BF       0
                idataBANK5                        1544A    1544A        1     A9D3       0
                idataCOMRAM                       15444    15444        2     A9D3       0

TOTAL           Name                               Link     Load   Length     Space
        CLASS   CODE           
                init                                 1A       1A        4         0
                reset_vec                             0        0        4         0
                ivt0x8                                8        8       12         0
                text116                           1541E    1541E        6         0
                text115                           15448    15448        2         0
                text114                           150BC    150BC       36         0
                text113                           1537A    1537A       16         0
                text112                           1504A    1504A       3A         0
                text111                           15440    15440        4         0
                text110                           152B4    152B4       1C         0
                text109                           153DE    153DE        E         0
                text108                           1386C    1386C       DE         0
                text107                           1526E    1526E       24         0
                text106                           15304    15304       1A         0
                text105                           153D0    153D0        E         0
                text104                           153C2    153C2        E         0
                text103                           153B4    153B4        E         0
                text102                           149FE    149FE       76         0
                text101                           152EA    152EA       1A         0
                text100                           15418    15418        6         0
                text99                            15292    15292       22         0
                text98                            14F92    14F92       40         0
                text97                            1378A    1378A       E2         0
                text96                            153FE    153FE        8         0
                text95                            1463E    1463E       9C         0
                text94                            13D50    13D50       C6         0
                text93                            14D3C    14D3C       56         0
                text92                            145A2    145A2       9C         0
                text91                            14BBE    14BBE       6A         0
                text90                            146DA    146DA       9A         0
                text89                            133CE    133CE       F6         0
                text88                            1394A    1394A       D4         0
                text87                            12438    12438      1C4         0
                text86                            1543C    1543C        4         0
                text85                            14A74    14A74       72         0
                text84                            1279E    1279E      190         0
                text83                            1161E    1161E      2A6         0
                text82                            13EDA    13EDA       C2         0
                text81                            13BBE    13BBE       CC         0
                text80                            153F6    153F6        8         0
                text79                            12F28    12F28      14A         0
                text78                            14E38    14E38       52         0
                text77                            132C2    132C2      10C         0
                text76                            14C86    14C86       5E         0
                text75                            141B8    141B8       AC         0
                text74                            13F9C    13F9C       BA         0
                text73                            14DE6    14DE6       52         0
                text72                            15122    15122       2E         0
                text71                            15084    15084       38         0
                text70                            15364    15364       16         0
                text69                            14264    14264       AA         0
                text68                            136A2    136A2       E8         0
                text67                            14F10    14F10       42         0
                text66                            10D06    10D06      34E         0
                text65                            15010    15010       3A         0
                text64                            14C28    14C28       5E         0
                text63                            13E16    13E16       C4         0
                text62                            14FD2    14FD2       3E         0
                text61                            143B6    143B6       A8         0
                text60                            12028    12028      20C         0
                text59                            12C40    12C40      184         0
                text58                            14D92    14D92       54         0
                text57                            1133A    1133A      2E4         0
                text56                            151AA    151AA       2C         0
                text55                            15412    15412        6         0
                text54                            15248    15248       26         0
                text53                            1480A    1480A       8E         0
                text52                            14056    14056       B6         0
                text51                            12AB8    12AB8      188         0
                text50                            12DC4    12DC4      164         0
                text49                            14F52    14F52       40         0
                text48                            15336    15336       18         0
                text47                            153EC    153EC        A         0
                text46                            14774    14774       96         0
                text45                            14E8A    14E8A       44         0
                text44                            13C8A    13C8A       C6         0
                text43                            11054    11054      2E6         0
                text42                            125FC    125FC      1A2         0
                text41                            131B0    131B0      112         0
                text40                            134C4    134C4       F0         0
                text39                            13AEE    13AEE       D0         0
                text38                            12234    12234      204         0
                text37                            1056C    1056C      3E2         0
                text36                            14B54    14B54       6A         0
                text35                            15222    15222       26         0
                text34                            118C4    118C4      29A         0
                text33                            151FC    151FC       26         0
                text32                            11DE2    11DE2      246         0
                text31                            10000    10000      56C         0
                text30                            15446    15446        2         0
                text29                            1531E    1531E       18         0
                text28                            150F2    150F2       30         0
                text27                            11B5E    11B5E      284         0
                text26                            1540C    1540C        6         0
                text25                            15438    15438        4         0
                text24                            15434    15434        4         0
                text23                            15430    15430        4         0
                text22                            1542C    1542C        4         0
                text21                            15428    15428        4         0
                text20                            1534E    1534E       16         0
                text19                            14988    14988       76         0
                text18                            13A1E    13A1E       D0         0
                text17                            151D6    151D6       26         0
                text16                            1410C    1410C       AC         0
                text15                            135B4    135B4       EE         0
                text14                            13072    13072      13E         0
                text13                            14CE4    14CE4       58         0
                text12                            15424    15424        4         0
                text11                            15406    15406        6         0
                text10                            14898    14898       7A         0
                text9                             14AE6    14AE6       6E         0
                text8                             1292E    1292E      18A         0
                text7                             14912    14912       76         0
                text6                             1094E    1094E      3B8         0
                text5                             14ECE    14ECE       42         0
                text4                             153A6    153A6        E         0
                text3                             1445E    1445E       A4         0
                text2                             1517E    1517E       2C         0
                text1                             152D0    152D0       1A         0
                text0                             14502    14502       A0         0
                cinit                             1430E    1430E       A8         0
                idataBANK9                        15150    15150       2D         0
                idataBANK8                        15390    15390       15         0
                idataBANK5                        1544A    1544A        1         0
                idataCOMRAM                       15444    15444        2         0

        CLASS   CONST          

        CLASS   SMALLCONST     

        CLASS   MEDIUMCONST    
                mediumconst                        FEEE     FEEE      112         0

        CLASS   COMRAM         
                cstackCOMRAM                        501      501       5B         1
                dataCOMRAM                          55C      55C        2         1

        CLASS   ABS1           

        CLASS   BIGRAM         

        CLASS   RAM            

        CLASS   BANK5          
                cstackBANK5                         560      560       9E         1
                dataBANK5                           5FE      5FE        1         1

        CLASS   BANK6          
                cstackBANK6                         600      600       D3         1
                bssBANK6                            6D3      6D3       22         1

        CLASS   BANK7          
                cstackBANK7                         700      700       C2         1
                bssBANK7                            7C2      7C2       39         1
                nvBANK7                             7FB      7FB        3         1

        CLASS   BANK8          
                dataBANK8                           8D4      8D4       15         1
                bssBANK8                            800      800       D4         1
                nvBANK8                             8E9      8E9        9         1

        CLASS   BANK9          
                cstackBANK9                         92D      92D        F         1
                dataBANK9                           900      900       2D         1

        CLASS   BANK10         

        CLASS   BANK11         

        CLASS   BANK12         

        CLASS   BANK13         

        CLASS   BANK14         

        CLASS   BANK15         

        CLASS   BANK16         

        CLASS   BANK17         

        CLASS   BANK18         

        CLASS   BANK19         

        CLASS   BANK20         

        CLASS   BANK21         

        CLASS   BANK22         

        CLASS   BANK23         

        CLASS   BANK24         

        CLASS   BANK25         

        CLASS   BANK26         

        CLASS   BANK27         

        CLASS   BANK28         

        CLASS   BANK29         

        CLASS   BANK30         

        CLASS   BANK31         

        CLASS   BANK32         

        CLASS   BANK33         

        CLASS   BANK34         

        CLASS   BANK35         

        CLASS   BANK36         

        CLASS   BANK37         

        CLASS   SFR            

        CLASS   BIGSFR         

        CLASS   CONFIG         
                config                           300000   300000        A         4

        CLASS   IDLOC          
                idloc                            200000   200000       20         5

        CLASS   EEDATA         

        CLASS   FARRAM         

        CLASS   HEAP           

        CLASS   STACK          



SEGMENTS        Name                           Load    Length   Top    Selector   Space  Class

                reset_vec                      000000  000004  000004         0       0  CODE    
                ivt0x8                         000008  000016  00001E         4       0  CODE    
                cstackCOMRAM                   000501  00005D  00055E       501       1  COMRAM  
                cstackBANK5                    000560  00009F  0005FF       560       1  BANK5   
                cstackBANK6                    000600  0000F5  0006F5       600       1  BANK6   
                cstackBANK7                    000700  0000FE  0007FE       700       1  BANK7   
                bssBANK8                       000800  0000F2  0008F2       800       1  BANK8   
                dataBANK9                      000900  00003C  00093C       900       1  BANK9   
                mediumconst                    00FEEE  000112  010000      7F77       0  MEDIUMCO
                text31                         010000  00517D  01517D      8000       0  CODE    
                text2                          01517E  000227  0153A5      A8BF       0  CODE    
                text4                          0153A6  0000A5  01544B      A9D3       0  CODE    


UNUSED ADDRESS RANGES

        Name                Unused          Largest block    Delta
        BANK10           000A00-000AFF              100
        BANK11           000B00-000BFF              100
        BANK12           000C00-000CFF              100
        BANK13           000D00-000DFF              100
        BANK14           000E00-000EFF              100
        BANK15           000F00-000FFF              100
        BANK16           001000-0010FF              100
        BANK17           001100-0011FF              100
        BANK18           001200-0012FF              100
        BANK19           001300-0013FF              100
        BANK20           001400-0014FF              100
        BANK21           001500-0015FF              100
        BANK22           001600-0016FF              100
        BANK23           001700-0017FF              100
        BANK24           001800-0018FF              100
        BANK25           001900-0019FF              100
        BANK26           001A00-001AFF              100
        BANK27           001B00-001BFF              100
        BANK28           001C00-001CFF              100
        BANK29           001D00-001DFF              100
        BANK30           001E00-001EFF              100
        BANK31           001F00-001FFF              100
        BANK32           002000-0020FF              100
        BANK33           002100-0021FF              100
        BANK34           002200-0022FF              100
        BANK35           002300-0023FF              100
        BANK36           002400-0024FF              100
        BANK37           002500-0025FF              100
        BANK5            0005FF-0005FF                1
        BANK6            0006F5-0006FF                B
        BANK7            0007FE-0007FF                2
        BANK8            0008F2-0008FF                E
        BANK9            00093C-0009FF               C4
        BIGRAM           00055E-00055F                2
                         0005FF-0005FF                1
                         0006F5-0006FF                B
                         0007FE-0007FF                2
                         0008F2-0008FF                E
                         00093C-0025FF             1CC4
        BIGSFR           000000-0004FF              500
        CODE             000004-000007                4
                         00001E-00FEED             FED0
                         01517D-01517D                1
                         0153A5-0153A5                1
                         01544B-01FFFF             ABB5
        COMRAM           00055E-00055F                2
        CONFIG           30000A-300011                8
        CONST            000004-000007                4
                         00001E-00FEED             FED0
                         01517D-01517D                1
                         0153A5-0153A5                1
                         01544B-01FFFF             ABB5
        EEDATA           380000-3803FF              400
        MEDIUMCONST      002600-00FEED             D8EE
                         01517D-01517D                1
                         0153A5-0153A5                1
                         01544B-01FFFF             ABB5
        RAM              0005FF-0005FF                1
                         0006F5-0006FF                B
                         0007FE-0007FF                2
                         0008F2-0008FF                E
                         00093C-0025FF              100
        SFR              000000-0004FF              100
        SMALLCONST       002600-00FEED              100
                         01517D-01517D                1
                         0153A5-0153A5                1
                         01544B-01FFFF              100

                                  Symbol Table

?___aodiv                                       cstackCOMRAM 000503
?___aomod                                       cstackCOMRAM 000503
?___awdiv                                       cstackCOMRAM 000503
?___lodiv                                       cstackCOMRAM 000503
?___lomod                                       cstackCOMRAM 000503
?_abs                                           cstackCOMRAM 000515
?_dtoa                                          cstackCOMRAM 000520
?_memcmp                                        cstackCOMRAM 000503
?_pad                                           cstackCOMRAM 000515
?_printf                                        cstackBANK5  000574
?_stoa                                          cstackCOMRAM 00050E
?_strlen                                        cstackCOMRAM 000503
?_strncmp                                       cstackCOMRAM 000503
?_utoa                                          cstackCOMRAM 000520
?_vfpfcnvrt                                     cstackCOMRAM 000544
?_vfprintf                                      cstackCOMRAM 00054E
?_winc_bus_read_reg                             cstackCOMRAM 000542
?_winc_chip_get_id                              cstackCOMRAM 000548
?_winc_firmware_version_read_addr               cstackCOMRAM 000548
DELAY_milliseconds@milliseconds                 cstackCOMRAM 000503
IOCAF6_SetInterruptHandler@InterruptHandler     cstackCOMRAM 000503
IVTBASEH                                        (abs)        00045E
IVTBASEL                                        (abs)        00045D
IVTBASEU                                        (abs)        00045F
SPI1_ExchangeByte@data                          cstackCOMRAM 000503
SPI1_Open@spi1UniqueConfiguration               cstackCOMRAM 000504
SPI1_ReadBlock@block                            cstackCOMRAM 000504
SPI1_ReadBlock@blockSize                        cstackCOMRAM 000506
SPI1_ReadBlock@data                             cstackCOMRAM 000508
SPI1_WriteBlock@block                           cstackCOMRAM 000504
SPI1_WriteBlock@blockSize                       cstackCOMRAM 000506
SPI1_WriteBlock@data                            cstackCOMRAM 000508
Socket_ReadSocketData@pstrRecv                  cstackCOMRAM 00053A
Socket_ReadSocketData@pstrSocket                cstackCOMRAM 000548
Socket_ReadSocketData@sock                      cstackCOMRAM 000545
Socket_ReadSocketData@u16Read                   cstackCOMRAM 000546
Socket_ReadSocketData@u16ReadCount              cstackCOMRAM 000541
Socket_ReadSocketData@u32StartAddress           cstackCOMRAM 00053D
Socket_ReadSocketData@u8SocketMsg               cstackCOMRAM 00053C
UART1_SetErrorHandler@interruptHandler          cstackCOMRAM 000503
UART1_SetFramingErrorHandler@interruptHandler   cstackCOMRAM 000503
UART1_SetOverrunErrorHandler@interruptHandler   cstackCOMRAM 000503
UART1_Write@txData                              cstackCOMRAM 000503
_ACTCON                                         (abs)        0000AC
_ANSELA                                         (abs)        000400
_ANSELB                                         (abs)        000408
_ANSELC                                         (abs)        000410
_ANSELD                                         (abs)        000418
_ANSELE                                         (abs)        000420
_ANSELF                                         (abs)        000428
_DELAY_milliseconds                             text72       015122
_FileBlock                                      bssBANK8     0008CC
_INLVLA                                         (abs)        000404
_INLVLB                                         (abs)        00040C
_INLVLC                                         (abs)        000414
_INLVLD                                         (abs)        00041C
_INLVLE                                         (abs)        000424
_INLVLF                                         (abs)        00042C
_INTCON0bits                                    (abs)        0004D6
_INTERRUPT_Initialize                           text111      015440
_INTERRUPT_InterruptManager                     text112      01504A
_IOCAF6_DefaultInterruptHandler                 text115      015448
_IOCAF6_ISR                                     text114      0150BC
_IOCAF6_InterruptHandler                        nvBANK7      0007FB
_IOCAF6_SetInterruptHandler                     text109      0153DE
_IOCAFbits                                      (abs)        000407
_IOCANbits                                      (abs)        000406
_IOCAPbits                                      (abs)        000405
_LATA                                           (abs)        0004BE
_LATB                                           (abs)        0004BF
_LATC                                           (abs)        0004C0
_LATCbits                                       (abs)        0004C0
_LATD                                           (abs)        0004C1
_LATDbits                                       (abs)        0004C1
_LATE                                           (abs)        0004C2
_LATF                                           (abs)        0004C3
_ODCONA                                         (abs)        000402
_ODCONB                                         (abs)        00040A
_ODCONC                                         (abs)        000412
_ODCOND                                         (abs)        00041A
_ODCONE                                         (abs)        000422
_ODCONF                                         (abs)        00042A
_OSCCON1                                        (abs)        0000AD
_OSCCON3                                        (abs)        0000AF
_OSCEN                                          (abs)        0000B3
_OSCFRQ                                         (abs)        0000B1
_OSCILLATOR_Initialize                          text110      0152B4
_OSCTUNE                                        (abs)        0000B0
_PIE0bits                                       (abs)        00049E
_PIN_MANAGER_IOC                                text113      01537A
_PIN_MANAGER_Initialize                         text108      01386C
_PIR0bits                                       (abs)        0004AE
_PIR3bits                                       (abs)        0004B1
_PIR4bits                                       (abs)        0004B2
_PMD0                                           (abs)        000060
_PMD1                                           (abs)        000061
_PMD3                                           (abs)        000063
_PMD4                                           (abs)        000064
_PMD5                                           (abs)        000065
_PMD6                                           (abs)        000066
_PMD7                                           (abs)        000067
_PMD8                                           (abs)        000068
_PMD_Initialize                                 text107      01526E
_RB1I2C                                         (abs)        000289
_RB2I2C                                         (abs)        000288
_RC3I2C                                         (abs)        000287
_RC4I2C                                         (abs)        000286
_RC4PPS                                         (abs)        000215
_RC6PPS                                         (abs)        000217
_RF0PPS                                         (abs)        000229
_SLRCONA                                        (abs)        000403
_SLRCONB                                        (abs)        00040B
_SLRCONC                                        (abs)        000413
_SLRCONCbits                                    (abs)        000413
_SLRCOND                                        (abs)        00041B
_SLRCONE                                        (abs)        000423
_SLRCONF                                        (abs)        00042B
_SPI1BAUD                                       (abs)        000089
_SPI1CLK                                        (abs)        00008C
_SPI1CON0                                       (abs)        000084
_SPI1CON0bits                                   (abs)        000084
_SPI1CON1                                       (abs)        000085
_SPI1CON2                                       (abs)        000086
_SPI1RXB                                        (abs)        000080
_SPI1SCKPPS                                     (abs)        00026A
_SPI1SDIPPS                                     (abs)        00026B
_SPI1TCNTL                                      (abs)        000082
_SPI1TXB                                        (abs)        000081
_SPI1_Close                                     text100      015418
_SPI1_ExchangeBlock                             (abs)        000000
_SPI1_ExchangeByte                              text99       015292
_SPI1_Initialize                                text106      015304
_SPI1_Open                                      text97       01378A
_SPI1_ReadBlock                                 text98       014F92
_SPI1_ReadByte                                  (abs)        000000
_SPI1_WriteBlock                                text93       014D3C
_SPI1_WriteByte                                 (abs)        000000
_SYSTEM_Initialize                              text101      0152EA
_Socket_ReadSocketData                          text87       012438
_TRISA                                          (abs)        0004C6
_TRISB                                          (abs)        0004C7
_TRISC                                          (abs)        0004C8
_TRISCbits                                      (abs)        0004C8
_TRISD                                          (abs)        0004C9
_TRISE                                          (abs)        0004CA
_TRISF                                          (abs)        0004CB
_U1BRGH                                         (abs)        0002AF
_U1BRGL                                         (abs)        0002AE
_U1CON0                                         (abs)        0002AB
_U1CON0bits                                     (abs)        0002AB
_U1CON1                                         (abs)        0002AC
_U1CON2                                         (abs)        0002AD
_U1ERRIE                                        (abs)        0002B3
_U1ERRIR                                        (abs)        0002B2
_U1ERRIRbits                                    (abs)        0002B2
_U1FIFO                                         (abs)        0002B0
_U1P1H                                          (abs)        0002A6
_U1P1L                                          (abs)        0002A5
_U1P2H                                          (abs)        0002A8
_U1P2L                                          (abs)        0002A7
_U1P3H                                          (abs)        0002AA
_U1P3L                                          (abs)        0002A9
_U1RXB                                          (abs)        0002A1
_U1RXPPS                                        (abs)        000272
_U1TXB                                          (abs)        0002A3
_U1UIR                                          (abs)        0002B1
_UART1_DefaultErrorHandler                      (abs)        000000
_UART1_DefaultFramingErrorHandler               (abs)        000000
_UART1_DefaultOverrunErrorHandler               (abs)        000000
_UART1_ErrorHandler                             nvBANK8      0008E9
_UART1_FramingErrorHandler                      nvBANK8      0008EF
_UART1_Initialize                               text102      0149FE
_UART1_OverrunErrorHandler                      nvBANK8      0008EC
_UART1_SetErrorHandler                          text105      0153D0
_UART1_SetFramingErrorHandler                   text104      0153C2
_UART1_SetOverrunErrorHandler                   text103      0153B4
_UART1_Write                                    text48       015336
_WINC_open                                      text96       0153FE
_WPUA                                           (abs)        000401
_WPUB                                           (abs)        000409
_WPUC                                           (abs)        000411
_WPUD                                           (abs)        000419
_WPUE                                           (abs)        000421
_WPUF                                           (abs)        000429
_WiFiCbTable                                    dataBANK9    000900
__HRAM                                          (abs)        000000
__Habs1                                         abs1         000000
__Hbank10                                       bank10       000000
__Hbank11                                       bank11       000000
__Hbank12                                       bank12       000000
__Hbank13                                       bank13       000000
__Hbank14                                       bank14       000000
__Hbank15                                       bank15       000000
__Hbank16                                       bank16       000000
__Hbank17                                       bank17       000000
__Hbank18                                       bank18       000000
__Hbank19                                       bank19       000000
__Hbank20                                       bank20       000000
__Hbank21                                       bank21       000000
__Hbank22                                       bank22       000000
__Hbank23                                       bank23       000000
__Hbank24                                       bank24       000000
__Hbank25                                       bank25       000000
__Hbank26                                       bank26       000000
__Hbank27                                       bank27       000000
__Hbank28                                       bank28       000000
__Hbank29                                       bank29       000000
__Hbank30                                       bank30       000000
__Hbank31                                       bank31       000000
__Hbank32                                       bank32       000000
__Hbank33                                       bank33       000000
__Hbank34                                       bank34       000000
__Hbank35                                       bank35       000000
__Hbank36                                       bank36       000000
__Hbank37                                       bank37       000000
__Hbank5                                        bank5        000000
__Hbank6                                        bank6        000000
__Hbank7                                        bank7        000000
__Hbank8                                        bank8        000000
__Hbank9                                        bank9        000000
__Hbigbss                                       bigbss       000000
__Hbigdata                                      bigdata      000000
__Hbigram                                       bigram       000000
__Hbigsfr                                       bigsfr       000000
__Hbss                                          bss          000000
__HbssBANK6                                     bssBANK6     000000
__HbssBANK7                                     bssBANK7     000000
__HbssBANK8                                     bssBANK8     000000
__Hcinit                                        cinit        000000
__Hclrtext                                      clrtext      000000
__Hcomram                                       comram       000000
__Hconfig                                       config       30000A
__Hconst                                        const        000000
__HcstackBANK5                                  cstackBANK5  000000
__HcstackBANK6                                  cstackBANK6  000000
__HcstackBANK7                                  cstackBANK7  000000
__HcstackBANK9                                  cstackBANK9  000000
__HcstackCOMRAM                                 cstackCOMRAM 000000
__Hdata                                         data         000000
__HdataBANK5                                    dataBANK5    000000
__HdataBANK8                                    dataBANK8    000000
__HdataBANK9                                    dataBANK9    000000
__HdataCOMRAM                                   dataCOMRAM   000000
__Heeprom_data                                  eeprom_data  000000
__Hfarbss                                       farbss       000000
__Hfardata                                      fardata      000000
__Hheap                                         heap         000000
__Hibigdata                                     ibigdata     000000
__Hidata                                        idata        000000
__HidataBANK5                                   idataBANK5   000000
__HidataBANK8                                   idataBANK8   000000
__HidataBANK9                                   idataBANK9   000000
__HidataCOMRAM                                  idataCOMRAM  000000
__Hidloc                                        idloc        200020
__Hifardata                                     ifardata     000000
__Hinit                                         init         00001E
__Hintsave_regs                                 intsave_regs 000000
__Hirdata                                       irdata       000000
__Hivt0x8                                       ivt0x8       00001A
__Hmediumconst                                  mediumconst  010000
__HnvBANK7                                      nvBANK7      000000
__HnvBANK8                                      nvBANK8      000000
__HnvFARRAM                                     nvFARRAM     000000
__Hnvbit                                        nvbit        000000
__Hnvrram                                       nvrram       000000
__Hparam                                        rparam       000000
__Hpowerup                                      powerup      000000
__Hram                                          ram          000000
__Hramtop                                       ramtop       002600
__Hrbit                                         rbit         000000
__Hrbss                                         rbss         000000
__Hrdata                                        rdata        000000
__Hreset_vec                                    reset_vec    000004
__Hrparam                                       rparam       000000
__Hsfr                                          sfr          000000
__Hsmallconst                                   smallconst   000000
__Hspace_0                                      (abs)        01544B
__Hspace_1                                      (abs)        00093C
__Hspace_2                                      (abs)        000000
__Hspace_4                                      (abs)        60000A
__Hstack                                        stack        000000
__Hstruct                                       struct       000000
__Htemp                                         temp         000000
__Htext                                         text         000000
__Htext0                                        text0        000000
__Htext1                                        text1        000000
__Htext10                                       text10       000000
__Htext100                                      text100      000000
__Htext101                                      text101      000000
__Htext102                                      text102      000000
__Htext103                                      text103      000000
__Htext104                                      text104      000000
__Htext105                                      text105      000000
__Htext106                                      text106      000000
__Htext107                                      text107      000000
__Htext108                                      text108      000000
__Htext109                                      text109      000000
__Htext11                                       text11       000000
__Htext110                                      text110      000000
__Htext111                                      text111      000000
__Htext112                                      text112      000000
__Htext113                                      text113      000000
__Htext114                                      text114      000000
__Htext115                                      text115      000000
__Htext116                                      text116      000000
__Htext117                                      text117      000000
__Htext12                                       text12       000000
__Htext13                                       text13       000000
__Htext14                                       text14       000000
__Htext15                                       text15       000000
__Htext16                                       text16       000000
__Htext17                                       text17       000000
__Htext18                                       text18       000000
__Htext19                                       text19       000000
__Htext2                                        text2        000000
__Htext20                                       text20       000000
__Htext21                                       text21       000000
__Htext22                                       text22       000000
__Htext23                                       text23       000000
__Htext24                                       text24       000000
__Htext25                                       text25       000000
__Htext26                                       text26       000000
__Htext27                                       text27       000000
__Htext28                                       text28       000000
__Htext29                                       text29       000000
__Htext3                                        text3        000000
__Htext30                                       text30       000000
__Htext31                                       text31       000000
__Htext32                                       text32       000000
__Htext33                                       text33       000000
__Htext34                                       text34       000000
__Htext35                                       text35       000000
__Htext36                                       text36       000000
__Htext37                                       text37       000000
__Htext38                                       text38       000000
__Htext39                                       text39       000000
__Htext4                                        text4        000000
__Htext40                                       text40       000000
__Htext41                                       text41       000000
__Htext42                                       text42       000000
__Htext43                                       text43       000000
__Htext44                                       text44       000000
__Htext45                                       text45       000000
__Htext46                                       text46       000000
__Htext47                                       text47       000000
__Htext48                                       text48       000000
__Htext49                                       text49       000000
__Htext5                                        text5        000000
__Htext50                                       text50       000000
__Htext51                                       text51       000000
__Htext52                                       text52       000000
__Htext53                                       text53       000000
__Htext54                                       text54       000000
__Htext55                                       text55       000000
__Htext56                                       text56       000000
__Htext57                                       text57       000000
__Htext58                                       text58       000000
__Htext59                                       text59       000000
__Htext6                                        text6        000000
__Htext60                                       text60       000000
__Htext61                                       text61       000000
__Htext62                                       text62       000000
__Htext63                                       text63       000000
__Htext64                                       text64       000000
__Htext65                                       text65       000000
__Htext66                                       text66       000000
__Htext67                                       text67       000000
__Htext68                                       text68       000000
__Htext69                                       text69       000000
__Htext7                                        text7        000000
__Htext70                                       text70       000000
__Htext71                                       text71       000000
__Htext72                                       text72       000000
__Htext73                                       text73       000000
__Htext74                                       text74       000000
__Htext75                                       text75       000000
__Htext76                                       text76       000000
__Htext77                                       text77       000000
__Htext78                                       text78       000000
__Htext79                                       text79       000000
__Htext8                                        text8        000000
__Htext80                                       text80       000000
__Htext81                                       text81       000000
__Htext82                                       text82       000000
__Htext83                                       text83       000000
__Htext84                                       text84       000000
__Htext85                                       text85       000000
__Htext86                                       text86       000000
__Htext87                                       text87       000000
__Htext88                                       text88       000000
__Htext89                                       text89       000000
__Htext9                                        text9        000000
__Htext90                                       text90       000000
__Htext91                                       text91       000000
__Htext92                                       text92       000000
__Htext93                                       text93       000000
__Htext94                                       text94       000000
__Htext95                                       text95       000000
__Htext96                                       text96       000000
__Htext97                                       text97       000000
__Htext98                                       text98       000000
__Htext99                                       text99       000000
__LRAM                                          (abs)        000001
__Labs1                                         abs1         000000
__Lbank10                                       bank10       000000
__Lbank11                                       bank11       000000
__Lbank12                                       bank12       000000
__Lbank13                                       bank13       000000
__Lbank14                                       bank14       000000
__Lbank15                                       bank15       000000
__Lbank16                                       bank16       000000
__Lbank17                                       bank17       000000
__Lbank18                                       bank18       000000
__Lbank19                                       bank19       000000
__Lbank20                                       bank20       000000
__Lbank21                                       bank21       000000
__Lbank22                                       bank22       000000
__Lbank23                                       bank23       000000
__Lbank24                                       bank24       000000
__Lbank25                                       bank25       000000
__Lbank26                                       bank26       000000
__Lbank27                                       bank27       000000
__Lbank28                                       bank28       000000
__Lbank29                                       bank29       000000
__Lbank30                                       bank30       000000
__Lbank31                                       bank31       000000
__Lbank32                                       bank32       000000
__Lbank33                                       bank33       000000
__Lbank34                                       bank34       000000
__Lbank35                                       bank35       000000
__Lbank36                                       bank36       000000
__Lbank37                                       bank37       000000
__Lbank5                                        bank5        000000
__Lbank6                                        bank6        000000
__Lbank7                                        bank7        000000
__Lbank8                                        bank8        000000
__Lbank9                                        bank9        000000
__Lbigbss                                       bigbss       000000
__Lbigdata                                      bigdata      000000
__Lbigram                                       bigram       000000
__Lbigsfr                                       bigsfr       000000
__Lbss                                          bss          000000
__LbssBANK6                                     bssBANK6     000000
__LbssBANK7                                     bssBANK7     000000
__LbssBANK8                                     bssBANK8     000000
__Lcinit                                        cinit        000000
__Lclrtext                                      clrtext      000000
__Lcomram                                       comram       000000
__Lconfig                                       config       000000
__Lconst                                        const        000000
__LcstackBANK5                                  cstackBANK5  000000
__LcstackBANK6                                  cstackBANK6  000000
__LcstackBANK7                                  cstackBANK7  000000
__LcstackBANK9                                  cstackBANK9  000000
__LcstackCOMRAM                                 cstackCOMRAM 000000
__Ldata                                         data         000000
__LdataBANK5                                    dataBANK5    000000
__LdataBANK8                                    dataBANK8    000000
__LdataBANK9                                    dataBANK9    000000
__LdataCOMRAM                                   dataCOMRAM   000000
__Leeprom_data                                  eeprom_data  000000
__Lfarbss                                       farbss       000000
__Lfardata                                      fardata      000000
__Lheap                                         heap         000000
__Libigdata                                     ibigdata     000000
__Lidata                                        idata        000000
__LidataBANK5                                   idataBANK5   000000
__LidataBANK8                                   idataBANK8   000000
__LidataBANK9                                   idataBANK9   000000
__LidataCOMRAM                                  idataCOMRAM  000000
__Lidloc                                        idloc        000000
__Lifardata                                     ifardata     000000
__Linit                                         init         00001A
__Lintsave_regs                                 intsave_regs 000000
__Lirdata                                       irdata       000000
__Livt0x8                                       ivt0x8       000008
__Lmediumconst                                  mediumconst  00FEEE
__LnvBANK7                                      nvBANK7      000000
__LnvBANK8                                      nvBANK8      000000
__LnvFARRAM                                     nvFARRAM     000000
__Lnvbit                                        nvbit        000000
__Lnvrram                                       nvrram       000000
__Lparam                                        rparam       000000
__Lpowerup                                      powerup      000000
__Lram                                          ram          000000
__Lramtop                                       ramtop       002600
__Lrbit                                         rbit         000000
__Lrbss                                         rbss         000000
__Lrdata                                        rdata        000000
__Lreset_vec                                    reset_vec    000000
__Lrparam                                       rparam       000000
__Lsfr                                          sfr          000000
__Lsmallconst                                   smallconst   000000
__Lspace_0                                      (abs)        000000
__Lspace_1                                      (abs)        000000
__Lspace_2                                      (abs)        000000
__Lspace_4                                      (abs)        000000
__Lstack                                        stack        000000
__Lstruct                                       struct       000000
__Ltemp                                         temp         000000
__Ltext                                         text         000000
__Ltext0                                        text0        000000
__Ltext1                                        text1        000000
__Ltext10                                       text10       000000
__Ltext100                                      text100      000000
__Ltext101                                      text101      000000
__Ltext102                                      text102      000000
__Ltext103                                      text103      000000
__Ltext104                                      text104      000000
__Ltext105                                      text105      000000
__Ltext106                                      text106      000000
__Ltext107                                      text107      000000
__Ltext108                                      text108      000000
__Ltext109                                      text109      000000
__Ltext11                                       text11       000000
__Ltext110                                      text110      000000
__Ltext111                                      text111      000000
__Ltext112                                      text112      000000
__Ltext113                                      text113      000000
__Ltext114                                      text114      000000
__Ltext115                                      text115      000000
__Ltext116                                      text116      000000
__Ltext117                                      text117      000000
__Ltext12                                       text12       000000
__Ltext13                                       text13       000000
__Ltext14                                       text14       000000
__Ltext15                                       text15       000000
__Ltext16                                       text16       000000
__Ltext17                                       text17       000000
__Ltext18                                       text18       000000
__Ltext19                                       text19       000000
__Ltext2                                        text2        000000
__Ltext20                                       text20       000000
__Ltext21                                       text21       000000
__Ltext22                                       text22       000000
__Ltext23                                       text23       000000
__Ltext24                                       text24       000000
__Ltext25                                       text25       000000
__Ltext26                                       text26       000000
__Ltext27                                       text27       000000
__Ltext28                                       text28       000000
__Ltext29                                       text29       000000
__Ltext3                                        text3        000000
__Ltext30                                       text30       000000
__Ltext31                                       text31       000000
__Ltext32                                       text32       000000
__Ltext33                                       text33       000000
__Ltext34                                       text34       000000
__Ltext35                                       text35       000000
__Ltext36                                       text36       000000
__Ltext37                                       text37       000000
__Ltext38                                       text38       000000
__Ltext39                                       text39       000000
__Ltext4                                        text4        000000
__Ltext40                                       text40       000000
__Ltext41                                       text41       000000
__Ltext42                                       text42       000000
__Ltext43                                       text43       000000
__Ltext44                                       text44       000000
__Ltext45                                       text45       000000
__Ltext46                                       text46       000000
__Ltext47                                       text47       000000
__Ltext48                                       text48       000000
__Ltext49                                       text49       000000
__Ltext5                                        text5        000000
__Ltext50                                       text50       000000
__Ltext51                                       text51       000000
__Ltext52                                       text52       000000
__Ltext53                                       text53       000000
__Ltext54                                       text54       000000
__Ltext55                                       text55       000000
__Ltext56                                       text56       000000
__Ltext57                                       text57       000000
__Ltext58                                       text58       000000
__Ltext59                                       text59       000000
__Ltext6                                        text6        000000
__Ltext60                                       text60       000000
__Ltext61                                       text61       000000
__Ltext62                                       text62       000000
__Ltext63                                       text63       000000
__Ltext64                                       text64       000000
__Ltext65                                       text65       000000
__Ltext66                                       text66       000000
__Ltext67                                       text67       000000
__Ltext68                                       text68       000000
__Ltext69                                       text69       000000
__Ltext7                                        text7        000000
__Ltext70                                       text70       000000
__Ltext71                                       text71       000000
__Ltext72                                       text72       000000
__Ltext73                                       text73       000000
__Ltext74                                       text74       000000
__Ltext75                                       text75       000000
__Ltext76                                       text76       000000
__Ltext77                                       text77       000000
__Ltext78                                       text78       000000
__Ltext79                                       text79       000000
__Ltext8                                        text8        000000
__Ltext80                                       text80       000000
__Ltext81                                       text81       000000
__Ltext82                                       text82       000000
__Ltext83                                       text83       000000
__Ltext84                                       text84       000000
__Ltext85                                       text85       000000
__Ltext86                                       text86       000000
__Ltext87                                       text87       000000
__Ltext88                                       text88       000000
__Ltext89                                       text89       000000
__Ltext9                                        text9        000000
__Ltext90                                       text90       000000
__Ltext91                                       text91       000000
__Ltext92                                       text92       000000
__Ltext93                                       text93       000000
__Ltext94                                       text94       000000
__Ltext95                                       text95       000000
__Ltext96                                       text96       000000
__Ltext97                                       text97       000000
__Ltext98                                       text98       000000
__Ltext99                                       text99       000000
__S0                                            (abs)        01544B
__S1                                            (abs)        00093C
__S4                                            (abs)        000000
__S5                                            (abs)        000000
___aodiv                                        text51       012AB8
___aodiv@counter                                cstackCOMRAM 000513
___aodiv@dividend                               cstackCOMRAM 000503
___aodiv@divisor                                cstackCOMRAM 00050B
___aodiv@quotient                               cstackCOMRAM 000515
___aodiv@sign                                   cstackCOMRAM 000514
___aomod                                        text50       012DC4
___aomod@counter                                cstackCOMRAM 000513
___aomod@dividend                               cstackCOMRAM 000503
___aomod@divisor                                cstackCOMRAM 00050B
___aomod@sign                                   cstackCOMRAM 000514
___awdiv                                        text63       013E16
___awdiv@counter                                cstackCOMRAM 000507
___awdiv@dividend                               cstackCOMRAM 000503
___awdiv@divisor                                cstackCOMRAM 000505
___awdiv@quotient                               cstackCOMRAM 000509
___awdiv@sign                                   cstackCOMRAM 000508
___heap_hi                                      (abs)        000000
___heap_lo                                      (abs)        000000
___inthi_sp                                     stack        000000
___intlo_sp                                     stack        000000
___lodiv                                        text40       0134C4
___lodiv@counter                                cstackCOMRAM 00051B
___lodiv@dividend                               cstackCOMRAM 000503
___lodiv@divisor                                cstackCOMRAM 00050B
___lodiv@quotient                               cstackCOMRAM 000513
___lomod                                        text39       013AEE
___lomod@counter                                cstackCOMRAM 000513
___lomod@dividend                               cstackCOMRAM 000503
___lomod@divisor                                cstackCOMRAM 00050B
___param_bank                                   (abs)        000000
___rparam_used                                  (abs)        000001
___sp                                           stack        000000
__accesstop                                     (abs)        000560
__activetblptr                                  (abs)        000003
__end_of_DELAY_milliseconds                     text72       015150
__end_of_INTERRUPT_Initialize                   text111      015444
__end_of_INTERRUPT_InterruptManager             text112      015084
__end_of_IOCAF6_DefaultInterruptHandler         text115      01544A
__end_of_IOCAF6_ISR                             text114      0150F2
__end_of_IOCAF6_SetInterruptHandler             text109      0153EC
__end_of_OSCILLATOR_Initialize                  text110      0152D0
__end_of_PIN_MANAGER_IOC                        text113      015390
__end_of_PIN_MANAGER_Initialize                 text108      01394A
__end_of_PMD_Initialize                         text107      015292
__end_of_SPI1_Close                             text100      01541E
__end_of_SPI1_ExchangeByte                      text99       0152B4
__end_of_SPI1_Initialize                        text106      01531E
[...]
spi_data_read@pu8Buf                            cstackCOMRAM 000511
spi_data_read@u16NumBytes                       cstackCOMRAM 000516
spi_data_read@u16Sz                             cstackCOMRAM 000513
spi_data_write@pu8Buf                           cstackCOMRAM 00050E
spi_data_write@u16NumBytes                      cstackCOMRAM 000513
spi_data_write@u16Sz                            cstackCOMRAM 000510
spi_data_write@u8Cmd                            cstackCOMRAM 000512
spi_read_reg@pu32RetVal                         cstackCOMRAM 00051C
spi_read_reg@u32Addr                            cstackCOMRAM 000518
spi_read_reg@u8CmdBuf                           cstackCOMRAM 00053E
spi_read_reg@u8TmpBuf                           cstackCOMRAM 00053A
spi_rsp@i                                       cstackCOMRAM 00050E
spi_rsp@u8Rsp                                   cstackCOMRAM 000510
spi_rsp@u8Type                                  cstackCOMRAM 00050F
spi_write_reg@bCheckRsp                         cstackCOMRAM 00051C
spi_write_reg@cmd_sz                            cstackCOMRAM 000525
spi_write_reg@pu8CmdBuf                         cstackCOMRAM 000526
spi_write_reg@u32Addr                           cstackCOMRAM 000514
spi_write_reg@u32Val                            cstackCOMRAM 000518
spi_write_reg@u8CmdBuf                          cstackCOMRAM 00051D
stackhi                                         (abs)        000000
stacklo                                         (abs)        000000
start                                           init         00001A
start_initialization                            cinit        01430E
stoa@F1150                                      dataBANK8    0008D4
stoa@cp                                         cstackCOMRAM 00051E
stoa@fp                                         cstackCOMRAM 00050E
stoa@i                                          cstackCOMRAM 00051A
stoa@l                                          cstackCOMRAM 000522
stoa@nuls                                       cstackCOMRAM 000513
stoa@p                                          cstackCOMRAM 000520
stoa@s                                          cstackCOMRAM 000510
stoa@w                                          cstackCOMRAM 00051C
strlen@a                                        cstackCOMRAM 000505
strlen@s                                        cstackCOMRAM 000503
strncmp@_l                                      cstackCOMRAM 000503
strncmp@_r                                      cstackCOMRAM 000505
strncmp@l                                       cstackCOMRAM 00050A
strncmp@n                                       cstackCOMRAM 000507
strncmp@r                                       cstackCOMRAM 00050C
utoa@d                                          cstackCOMRAM 000522
utoa@fp                                         cstackCOMRAM 000520
utoa@i                                          cstackCOMRAM 00053E
utoa@n                                          cstackCOMRAM 000536
utoa@p                                          cstackCOMRAM 000532
utoa@w                                          cstackCOMRAM 000534
vfpfcnvrt@ap                                    cstackCOMRAM 000548
vfpfcnvrt@cp                                    cstackBANK5  000570
vfpfcnvrt@fmt                                   cstackCOMRAM 000546
vfpfcnvrt@fp                                    cstackCOMRAM 000544
vfpfcnvrt@ll                                    cstackBANK5  000560
vfpfcnvrt@llu                                   cstackBANK5  000568
vfprintf@ap                                     cstackCOMRAM 000552
vfprintf@cfmt                                   cstackCOMRAM 000554
vfprintf@fmt                                    cstackCOMRAM 000550
vfprintf@fp                                     cstackCOMRAM 00054E
wifi_cb@demo_ssid_len                           cstackBANK5  0005E4
wifi_cb@pstrInfo                                cstackBANK5  0005E2
wifi_cb@pstrScanResult                          cstackBANK5  0005EA
wifi_cb@pstrWifiState                           cstackBANK5  0005E8
wifi_cb@pu8IPAddress                            cstackBANK5  0005EC
wifi_cb@pvMsg                                   cstackBANK5  0005DB
wifi_cb@scan_ssid_len                           cstackBANK5  0005E6
wifi_cb@u8MsgType                               cstackBANK5  0005E1
wifi_event_cb@pvMsg                             cstackCOMRAM 000503
wifi_event_cb@u8WiFiEvent                       cstackCOMRAM 000507
winc_adapter_interrupt_serviced@bEdgeInt        cstackCOMRAM 000503
winc_adapter_sleep@u32TimeMsec                  cstackCOMRAM 000506
winc_adapter_spi_read@puBuf                     cstackCOMRAM 00050A
winc_adapter_spi_read@size                      cstackCOMRAM 00050C
winc_adapter_spi_write@puBuf                    cstackCOMRAM 00050A
winc_adapter_spi_write@size                     cstackCOMRAM 00050C
winc_bus_clear_reg_bits@u32Addr                 cstackCOMRAM 000548
winc_bus_clear_reg_bits@u32Bits                 cstackCOMRAM 00054C
winc_bus_clear_reg_bits@u32Reg                  cstackCOMRAM 000554
winc_bus_error@bRetErrorStatus                  cstackCOMRAM 000503
winc_bus_init@u8CmdBuf                          mediumconst  00FF2C
winc_bus_read_block@F2006                       dataBANK8    0008DB
winc_bus_read_block@i8Result                    cstackCOMRAM 000522
winc_bus_read_block@pu8Buf                      cstackCOMRAM 00051C
winc_bus_read_block@u16Sz                       cstackCOMRAM 00051E
winc_bus_read_block@u32Addr                     cstackCOMRAM 000518
winc_bus_read_block@u8CmdBuf                    cstackCOMRAM 000523
winc_bus_read_block@u8TmpBuf                    cstackCOMRAM 000520
winc_bus_read_reg@u32Addr                       cstackCOMRAM 000542
winc_bus_read_reg@u32Val                        cstackCOMRAM 000546
winc_bus_read_reg_with_ret@pu32RetVal           cstackCOMRAM 000546
winc_bus_read_reg_with_ret@u32Addr              cstackCOMRAM 000542
winc_bus_reset@u8CmdBuf                         mediumconst  00FF35
winc_bus_set_reg_bits@u32Addr                   cstackCOMRAM 000548
winc_bus_set_reg_bits@u32Bits                   cstackCOMRAM 00054C
winc_bus_set_reg_bits@u32Reg                    cstackCOMRAM 000554
winc_bus_write_block@F1998                      dataBANK8    0008E2
winc_bus_write_block@pu8Buf                     cstackCOMRAM 000519
winc_bus_write_block@u16Sz                      cstackCOMRAM 00051B
winc_bus_write_block@u32Addr                    cstackCOMRAM 000515
winc_bus_write_block@u8CmdBuf                   cstackCOMRAM 00051D
winc_bus_write_reg@u32Addr                      cstackCOMRAM 000528
winc_bus_write_reg@u32Val                       cstackCOMRAM 00052C
winc_chip_get_id@gu32ChipID                     bssBANK6     0006ED
winc_chip_get_id@u32RevID                       cstackCOMRAM 00054C
winc_chip_init@bBootATE                         cstackBANK5  000569
winc_chip_init@bEthMode                         cstackBANK5  000560
winc_chip_init@u16Timeout                       cstackBANK5  00056A
winc_chip_init@u32GpReg1                        cstackBANK5  000565
winc_chip_init@u32StateRegVal                   cstackBANK5  000561
winc_chip_sleep@u32Reg                          cstackCOMRAM 000558
winc_chip_wake@i8Trials                         cstackBANK5  000560
winc_chip_wake@u32ClkStatusReg                  cstackBANK5  000561
winc_drv_init@bHold                             cstackCOMRAM 000558
winc_drv_start@bBootATE                         cstackBANK5  000571
winc_drv_start@bEthMode                         cstackBANK5  00056C
winc_drv_start@u32StateRegVal                   cstackBANK5  00056D
winc_firmware_version_read_addr@strgp           cstackCOMRAM 00054C
winc_firmware_version_read_addr@u32Reg          cstackCOMRAM 000554
winc_hif_handle_isr@strHif                      cstackBANK5  0005FA
winc_hif_handle_isr@u32Reg                      cstackBANK5  0005F6
winc_hif_receive@pvBuf                          cstackCOMRAM 00052E
winc_hif_receive@u16Sz                          cstackCOMRAM 000530
winc_hif_receive@u32Addr                        cstackCOMRAM 00052A
winc_hif_send@pvCtrlBuf                         cstackBANK5  000566
winc_hif_send@pvDataBuf                         cstackBANK5  00056A
winc_hif_send@strHif                            cstackBANK5  000583
winc_hif_send@u16Count                          cstackBANK5  000575
winc_hif_send@u16CtrlBufSize                    cstackBANK5  000568
winc_hif_send@u16DataOffset                     cstackBANK5  00056E
winc_hif_send@u16DataSize                       cstackBANK5  00056C
winc_hif_send@u32CurrAddr                       cstackBANK5  000577
winc_hif_send@u32DMAAddr                        cstackBANK5  00057F
winc_hif_send@u32Reg                            cstackBANK5  00057B
winc_hif_send@u8Gid                             cstackBANK5  000574
winc_hif_send@u8Opcode                          cstackBANK5  000565
winc_hif_send_no_data@pvCtrlBuf                 cstackBANK5  000588
winc_hif_send_no_data@u16CtrlBufSize            cstackBANK5  00058A
winc_hif_send_no_data@u8Gid                     cstackBANK5  00058C
winc_hif_send_no_data@u8Opcode                  cstackBANK5  000587


MODULE INFORMATION

Module		Function		Class		Link	Load	Size
mcc_generated_files/winc/driver/winc_adapter.c
		_winc_adapter_interrupt_serviced		CODE           	150F2	0000	48
		_winc_adapter_spi_open		CODE           	15428	0000	4
		_winc_adapter_reset_assert		CODE           	15430	0000	4
		_winc_adapter_spi_close		CODE           	15424	0000	4
		_winc_adapter_chip_enable_deassert		CODE           	15434	0000	4
		_winc_interrupt_handler		CODE           	1541E	0000	6
		_winc_adapter_reset_deassert		CODE           	1542C	0000	4
		_winc_adapter_spi_write		CODE           	145A2	0000	156
		_winc_adapter_init		CODE           	152D0	0000	26
		_winc_adapter_chip_enable_assert		CODE           	15438	0000	4
		_winc_adapter_spi_read		CODE           	1463E	0000	156
		_winc_adapter_interrupt_request_pending		CODE           	1531E	0000	24
		_winc_adapter_sleep		CODE           	15084	0000	56

mcc_generated_files/winc/driver/winc_adapter.c estimated size: 496

C:\Program Files\Microchip\xc8\v2.36\pic\sources\c99\common\lomod.c
		___lomod       		CODE           	13AEE	0000	208

C:\Program Files\Microchip\xc8\v2.36\pic\sources\c99\common\lomod.c estimated size: 208

mcc_generated_files/winc/m2m/m2m_wifi.c
		_m2m_wifi_init 		CODE           	1517E	0000	44
		_m2m_wifi_connect		CODE           	151AA	0000	44
		_m2m_wifi_req_scan_result		CODE           	15248	0000	38
		_m2m_wifi_request_scan		CODE           	1480A	0000	142
		_m2m_wifi_get_firmware_version		CODE           	14CE4	0000	88
		_hexstr_2_bytes		CODE           	143B6	0000	168
		_m2m_wifi_connect_prepare_msg		CODE           	1161E	0000	678
		_m2m_wifi_init_hold		CODE           	151D6	0000	38
		_m2m_wifi_get_num_ap_found		CODE           	15412	0000	6
		_m2m_wifi_init_start		CODE           	1445E	0000	164
		_m2m_wifi_connect_wep		CODE           	12C40	0000	388
		_m2m_wifi_connect_psk		CODE           	12028	0000	524
		_m2m_wifi_connect_sc		CODE           	1133A	0000	740
		_hexchar_2_val 		CODE           	14FD2	0000	62
		_m2m_wifi_connect_open		CODE           	14C28	0000	94
		_m2m_wifi_handle_events		CODE           	1540C	0000	6
		_m2m_wifi_connect_1x_mschap2		CODE           	1543C	0000	4
		_m2m_wifi_cb   		CODE           	11DE2	0000	582

mcc_generated_files/winc/m2m/m2m_wifi.c estimated size: 3810

C:\Program Files\Microchip\xc8\v2.36\pic\sources\c99\common\nf_fputs.c
		_fputs         		CODE           	14E8A	0000	68

C:\Program Files\Microchip\xc8\v2.36\pic\sources\c99\common\nf_fputs.c estimated size: 68

C:\Program Files\Microchip\xc8\v2.36\pic\sources\c99\common\printf.c
		_printf        		CODE           	15222	0000	38

C:\Program Files\Microchip\xc8\v2.36\pic\sources\c99\common\printf.c estimated size: 38

C:\Program Files\Microchip\xc8\v2.36\pic\sources\c99\common\aomod.c
		___aomod       		CODE           	12DC4	0000	356

C:\Program Files\Microchip\xc8\v2.36\pic\sources\c99\common\aomod.c estimated size: 356

C:\Program Files\Microchip\xc8\v2.36\pic\sources\c99\common\strncmp.c
		_strncmp       		CODE           	131B0	0000	274

C:\Program Files\Microchip\xc8\v2.36\pic\sources\c99\common\strncmp.c estimated size: 274

mcc_generated_files/interrupt_manager.c
		_INTERRUPT_Initialize		CODE           	15440	0000	4
		_INTERRUPT_InterruptManager		CODE           	1504A	0000	58

mcc_generated_files/interrupt_manager.c estimated size: 62

mcc_generated_files/examples/winc_example.c
		_wifi_event_cb 		CODE           	151FC	0000	38

mcc_generated_files/examples/winc_example.c estimated size: 38

mcc_generated_files/pin_manager.c
		_IOCAF6_ISR    		CODE           	150BC	0000	54
		_PIN_MANAGER_Initialize		CODE           	1386C	0000	222
		_IOCAF6_SetInterruptHandler		CODE           	153DE	0000	14
		_PIN_MANAGER_IOC		CODE           	1537A	0000	22
		_IOCAF6_DefaultInterruptHandler		CODE           	15448	0000	2

mcc_generated_files/pin_manager.c estimated size: 314

mcc_generated_files/spi1.c
		_SPI1_WriteBlock		CODE           	14D3C	0000	86
		_SPI1_ReadBlock		CODE           	14F92	0000	64
		_SPI1_Open     		CODE           	1378A	0000	226
		_SPI1_Initialize		CODE           	15304	0000	26
		_SPI1_Close    		CODE           	15418	0000	6
		_SPI1_ExchangeByte		CODE           	15292	0000	34

mcc_generated_files/spi1.c estimated size: 442

C:\Program Files\Microchip\xc8\v2.36\pic\sources\c99\common\strlen.c
		_strlen        		CODE           	14D92	0000	84

C:\Program Files\Microchip\xc8\v2.36\pic\sources\c99\common\strlen.c estimated size: 84

mcc_generated_files/winc/driver/winc_spi.c
		_spi_data_write		CODE           	13EDA	0000	194
		_winc_bus_read_block		CODE           	133CE	0000	246
		_winc_bus_clear_reg_bits		CODE           	141B8	0000	172
		_spi_write_reg 		CODE           	132C2	0000	268
		_winc_bus_write_block		CODE           	13BBE	0000	204
		_winc_bus_init 		CODE           	1534E	0000	22
		_spi_read_reg  		CODE           	12F28	0000	330
		_winc_bus_read_reg		CODE           	14AE6	0000	110
		_spi_rsp       		CODE           	13D50	0000	198
		_winc_bus_reset		CODE           	15364	0000	22
		_winc_bus_error		CODE           	153F6	0000	8
		_spi_cmd_send  		CODE           	14BBE	0000	106
		_winc_bus_write_reg		CODE           	14C86	0000	94
		_winc_bus_read_reg_with_ret		CODE           	14E38	0000	82
		_spi_data_read 		CODE           	146DA	0000	154
		_winc_bus_set_reg_bits		CODE           	14264	0000	170
		_winc_bus_deinit		CODE           	15406	0000	6

mcc_generated_files/winc/driver/winc_spi.c estimated size: 2386

C:\Program Files\Microchip\xc8\v2.36\pic\sources\c99\common\lodiv.c
		___lodiv       		CODE           	134C4	0000	240

C:\Program Files\Microchip\xc8\v2.36\pic\sources\c99\common\lodiv.c estimated size: 240

C:\Program Files\Microchip\xc8\v2.36\pic\sources\c99\common\aodiv.c
		___aodiv       		CODE           	12AB8	0000	392

C:\Program Files\Microchip\xc8\v2.36\pic\sources\c99\common\aodiv.c estimated size: 392

mcc_generated_files/winc/driver/winc_hif.c
		_winc_hif_receive		CODE           	1394A	0000	212
		_winc_hif_send 		CODE           	10D06	0000	846
		_winc_hif_init 		CODE           	153A6	0000	14
		_winc_hif_send_no_data		CODE           	15010	0000	58
		_winc_hif_chip_sleep		CODE           	14DE6	0000	82
		_hif_null_cb   		CODE           	15446	0000	2
		_winc_hif_chip_wake		CODE           	14F10	0000	66
		_winc_hif_handle_isr		CODE           	11B5E	0000	644

mcc_generated_files/winc/driver/winc_hif.c estimated size: 1924

C:\Program Files\Microchip\xc8\v2.36\pic\sources\c99\common\memset.c
		_memset        		CODE           	1279E	0000	400

C:\Program Files\Microchip\xc8\v2.36\pic\sources\c99\common\memset.c estimated size: 400

mcc_generated_files/winc/socket/socket.c
		_Socket_ReadSocketData		CODE           	12438	0000	452
		_m2m_ip_cb     		CODE           	10000	0000	1388

mcc_generated_files/winc/socket/socket.c estimated size: 1840

C:\Program Files\Microchip\xc8\v2.36\pic\sources\c99\common\nf_fputc.c
		_fputc         		CODE           	14774	0000	150

C:\Program Files\Microchip\xc8\v2.36\pic\sources\c99\common\nf_fputc.c estimated size: 150

mcc_generated_files/uart1.c
		_UART1_Write   		CODE           	15336	0000	24
		_putch         		CODE           	153EC	0000	10
		_UART1_SetFramingErrorHandler		CODE           	153C2	0000	14
		_UART1_SetOverrunErrorHandler		CODE           	153B4	0000	14
		_UART1_Initialize		CODE           	149FE	0000	118
		_UART1_SetErrorHandler		CODE           	153D0	0000	14

mcc_generated_files/uart1.c estimated size: 194

C:\Program Files\Microchip\xc8\v2.36\pic\sources\c99\common\awdiv.c
		___awdiv       		CODE           	13E16	0000	196

C:\Program Files\Microchip\xc8\v2.36\pic\sources\c99\common\awdiv.c estimated size: 196

C:\Program Files\Microchip\xc8\v2.36\pic\sources\c99\common\doprnt.c
		_vfpfcnvrt     		CODE           	1056C	0000	994
		_pad           		CODE           	13C8A	0000	198
		_dtoa          		CODE           	11054	0000	742
		_vfprintf      		CODE           	14B54	0000	106
		_stoa          		CODE           	125FC	0000	418
		_utoa          		CODE           	12234	0000	516

C:\Program Files\Microchip\xc8\v2.36\pic\sources\c99\common\doprnt.c estimated size: 2974

mcc_generated_files/drivers/spi_master.c
		_WINC_open     		CODE           	153FE	0000	8

mcc_generated_files/drivers/spi_master.c estimated size: 8

shared
		_gHifCallbacks 		MEDIUMCONST    	FF0D	0000	21
		winc_bus_reset@u8CmdBuf		MEDIUMCONST    	FF35	0000	5
		__initialization		CODE           	1430E	0000	162
		winc_bus_init@u8CmdBuf		MEDIUMCONST    	FF2C	0000	9
		_spiMaster     		MEDIUMCONST    	FEEF	0000	30
		_spi1_configuration		MEDIUMCONST    	FF22	0000	10

shared estimated size: 237

mcc_generated_files/mcc.c
		_PMD_Initialize		CODE           	1526E	0000	36
		_OSCILLATOR_Initialize		CODE           	152B4	0000	28
		_SYSTEM_Initialize		CODE           	152EA	0000	26

mcc_generated_files/mcc.c estimated size: 90

C:\Program Files\Microchip\xc8\v2.36\pic\sources\c99\common\abs.c
		_abs           		CODE           	14F52	0000	64

C:\Program Files\Microchip\xc8\v2.36\pic\sources\c99\common\abs.c estimated size: 64

mcc_generated_files/winc/driver/winc_drv.c
		_winc_drv_init 		CODE           	13A1E	0000	208
		_winc_drv_start		CODE           	14ECE	0000	66

mcc_generated_files/winc/driver/winc_drv.c estimated size: 274

mcc_generated_files/delay.c
		_DELAY_milliseconds		CODE           	15122	0000	46

mcc_generated_files/delay.c estimated size: 46

C:\Program Files\Microchip\xc8\v2.36\pic\sources\c99\common\memcmp.c
		_memcmp        		CODE           	14056	0000	182

C:\Program Files\Microchip\xc8\v2.36\pic\sources\c99\common\memcmp.c estimated size: 182

C:\Program Files\Microchip\xc8\v2.36\pic\sources\c99\common\memcpy.c
		_memcpy        		CODE           	14A74	0000	114

C:\Program Files\Microchip\xc8\v2.36\pic\sources\c99\common\memcpy.c estimated size: 114

main.c
		_main          		CODE           	14502	0000	160
		_wifi_cb       		CODE           	118C4	0000	666

main.c estimated size: 826

mcc_generated_files/winc/driver/winc_asic.c
		_winc_chip_wake		CODE           	136A2	0000	232
		_winc_chip_halt		CODE           	14988	0000	118
		_winc_chip_init		CODE           	1094E	0000	952
		_winc_chip_interrupts_enable		CODE           	14912	0000	118
		_winc_chip_sleep		CODE           	13F9C	0000	186
		_chip_apply_conf		CODE           	14898	0000	122
		_winc_chip_get_id		CODE           	1292E	0000	394

mcc_generated_files/winc/driver/winc_asic.c estimated size: 2122

mcc_generated_files/winc/m2m/m2m_fwinfo.c
		_m2m_fwinfo_get_firmware_info		CODE           	135B4	0000	238
		_m2m_fwinfo_version_check		CODE           	13072	0000	318
		_winc_firmware_version_read_addr		CODE           	1410C	0000	172

mcc_generated_files/winc/m2m/m2m_fwinfo.c estimated size: 728

